[2026-09-03 20:28:40 UTC] DUKA 2020-02: 2020-02-01 00:00:00 -> 2020-03-01 00:00:00  (root=dukascopy)
[2026-09-03 20:33:26 UTC]   wrote 2020-02: +4,658,190 bid / +4,658,190 ask
[2026-09-03 20:33:26 UTC] DUKA 2020-02 DONE: +4,658,190 bid / +4,658,190 ask ticks
[2026-09-03 20:33:26 UTC] PATCH MT5 2020-02: fetching from Dukascopy ...
[2026-09-03 20:38:15 UTC] PATCH MT5 2020-02 DONE: +4,658,190 bid / +4,658,190 ask (also mirrored into ./dukascopy/ by --month)
[2026-09-03 20:38:38 UTC] DUKA 2018-06: 2018-06-01 00:00:00 -> 2018-07-01 00:00:00  root=dukascopy workers=8
[2026-09-03 20:38:59 UTC]   2018-06: +2,326,741 bid / +2,326,741 ask
[2026-09-03 20:38:59 UTC] DUKA 2018-06 DONE: +2,326,741 bid / +2,326,741 ask ticks
[2026-09-03 20:39:00 UTC] DUKA 2020-03: 2020-03-01 00:00:00 -> 2020-04-01 00:00:00  root=dukascopy workers=8
[2026-09-03 20:40:39 UTC]   2020-03: +6,631,552 bid / +6,631,552 ask
[2026-09-03 20:40:39 UTC] DUKA 2020-03 DONE: +6,631,552 bid / +6,631,552 ask ticks
[2026-09-03 20:40:40 UTC] DUKA 2022-09: 2022-09-01 00:00:00 -> 2022-10-01 00:00:00  root=dukascopy workers=8
[2026-09-03 20:41:19 UTC]   2022-09: +5,029,466 bid / +5,029,466 ask
[2026-09-03 20:41:19 UTC] DUKA 2022-09 DONE: +5,029,466 bid / +5,029,466 ask ticks
[2026-09-03 20:41:21 UTC] DUKA 2025-06: 2025-06-01 00:00:00 -> 2025-07-01 00:00:00  root=dukascopy workers=8
[2026-09-03 20:42:44 UTC]   WARN 2025-06-13: fetch failed after 4 tries: '>' not supported between instances of 'str' and 'float'
[2026-09-03 20:42:44 UTC]   WARN 2025-06-23: fetch failed after 4 tries: '>' not supported between instances of 'str' and 'float'
[2026-09-03 20:42:45 UTC]   WARN 2025-06-28: fetch failed after 4 tries: '>' not supported between instances of 'str' and 'float'
[2026-09-03 20:42:45 UTC]   WARN 2025-06-25: fetch failed after 4 tries: '>' not supported between instances of 'str' and 'float'
[2026-09-03 20:42:45 UTC]   WARN 2025-06-27: fetch failed after 4 tries: '>' not supported between instances of 'str' and 'float'
[2026-09-03 20:42:45 UTC]   WARN 2025-06-24: fetch failed after 4 tries: '>' not supported between instances of 'str' and 'float'
[2026-09-03 20:42:46 UTC]   WARN 2025-06-29: fetch failed after 4 tries: '>' not supported between instances of 'str' and 'float'
[2026-09-03 20:42:46 UTC]   WARN 2025-06-26: fetch failed after 4 tries: '>' not supported between instances of 'str' and 'float'
[2026-09-03 20:43:29 UTC]   2025-06: +3,478,229 bid / +3,478,229 ask
[2026-09-03 20:43:29 UTC] DUKA 2025-06 DONE: +3,478,229 bid / +3,478,229 ask ticks
[2026-09-03 20:44:46 UTC] DUKA 2025-06: 2025-06-01 00:00:00 -> 2025-07-01 00:00:00  root=dukascopy workers=6
[2026-09-03 20:45:29 UTC]   2025-06: +1,273,977 bid / +1,273,977 ask
[2026-09-03 20:45:29 UTC] DUKA 2025-06 DONE: +1,273,977 bid / +1,273,977 ask ticks
[2026-09-03 20:48:14 UTC] DUKA BACKFILL: 2009-01-01 00:00:00 -> 2026-09-03 00:00:00  root=dukascopy workers=6
[2026-09-03 20:48:35 UTC]   2009-01: +307,386 bid / +307,386 ask
[2026-09-03 20:48:50 UTC]   2009-02: +290,637 bid / +290,637 ask
[2026-09-03 20:49:07 UTC]   2009-03: +329,263 bid / +329,263 ask
[2026-09-03 20:49:22 UTC]   2009-04: +331,823 bid / +331,823 ask
[2026-09-03 20:49:36 UTC]   2009-05: +328,757 bid / +328,757 ask
[2026-09-03 20:49:51 UTC]   2009-06: +349,727 bid / +349,727 ask
[2026-09-03 20:50:07 UTC]   2009-07: +364,448 bid / +364,448 ask
[2026-09-03 20:50:25 UTC]   2009-08: +343,500 bid / +343,500 ask
[2026-09-03 20:50:44 UTC]   2009-09: +369,461 bid / +369,461 ask
[2026-09-03 20:51:01 UTC]   2009-10: +377,491 bid / +377,491 ask
[2026-09-03 20:51:16 UTC]   2009-11: +374,704 bid / +374,704 ask
[2026-09-03 20:51:30 UTC]   2009-12: +420,417 bid / +420,417 ask
[2026-09-03 20:52:13 UTC]   2010-01: +672,797 bid / +672,797 ask
[2026-09-03 20:52:43 UTC]   2010-02: +682,728 bid / +682,728 ask
[2026-09-03 20:53:17 UTC]   2010-03: +812,451 bid / +812,451 ask
[2026-09-03 20:53:53 UTC]   2010-04: +908,234 bid / +908,234 ask
[2026-09-03 20:54:25 UTC]   2010-05: +919,826 bid / +919,826 ask
[2026-09-03 20:55:02 UTC]   2010-06: +1,051,670 bid / +1,051,670 ask
[2026-09-03 20:55:36 UTC]   2010-07: +1,222,695 bid / +1,222,695 ask
[2026-09-03 20:56:43 UTC]   2010-08: +1,361,144 bid / +1,361,144 ask
[2026-09-03 20:57:32 UTC]   2010-09: +1,565,084 bid / +1,565,084 ask
[2026-09-03 20:58:32 UTC]   2010-10: +1,700,963 bid / +1,700,963 ask
[2026-09-03 20:59:04 UTC]   2010-11: +1,483,445 bid / +1,483,445 ask
[2026-09-03 20:59:27 UTC]   2010-12: +868,861 bid / +868,861 ask
[2026-09-03 20:59:58 UTC]   2011-01: +930,198 bid / +930,198 ask
[2026-09-03 21:00:24 UTC]   2011-02: +749,972 bid / +749,972 ask
[2026-09-03 21:00:56 UTC]   2011-03: +1,144,627 bid / +1,144,627 ask
[2026-09-03 21:01:28 UTC]   2011-04: +936,986 bid / +936,986 ask
[2026-09-03 21:02:11 UTC]   2011-05: +1,535,770 bid / +1,535,770 ask
[2026-09-03 21:02:42 UTC]   2011-06: +1,201,865 bid / +1,201,865 ask
[2026-09-03 21:03:21 UTC]   2011-07: +1,153,423 bid / +1,153,423 ask
[2026-09-03 21:04:25 UTC]   2011-08: +2,299,597 bid / +2,299,597 ask
[2026-09-03 21:05:17 UTC]   2011-09: +2,356,214 bid / +2,356,214 ask
[2026-09-03 21:06:19 UTC]   2011-10: +1,825,791 bid / +1,825,791 ask
[2026-09-03 21:07:17 UTC]   2011-11: +1,866,024 bid / +1,866,024 ask
[2026-09-03 21:08:01 UTC]   2011-12: +2,024,131 bid / +2,024,131 ask
[2026-09-03 21:08:56 UTC]   2012-01: +2,057,060 bid / +2,057,060 ask
[2026-09-03 21:09:37 UTC]   2012-02: +1,739,081 bid / +1,739,081 ask
[2026-09-03 21:10:16 UTC]   2012-03: +1,941,989 bid / +1,941,989 ask
[2026-09-03 21:10:57 UTC]   2012-04: +1,766,570 bid / +1,766,570 ask
[2026-09-03 21:11:44 UTC]   2012-05: +2,224,661 bid / +2,224,661 ask
[2026-09-03 21:12:19 UTC]   2012-06: +2,322,061 bid / +2,322,061 ask
[2026-09-03 21:13:00 UTC]   2012-07: +2,178,705 bid / +2,178,705 ask
[2026-09-03 21:13:35 UTC]   2012-08: +1,924,322 bid / +1,924,322 ask
[2026-09-03 21:14:09 UTC]   2012-09: +1,826,035 bid / +1,826,035 ask
[2026-09-03 21:14:51 UTC]   2012-10: +2,103,224 bid / +2,103,224 ask
[2026-09-03 21:15:25 UTC]   2012-11: +1,972,760 bid / +1,972,760 ask
[2026-09-03 21:16:05 UTC]   2012-12: +1,563,328 bid / +1,563,328 ask
[2026-09-03 21:16:48 UTC]   2013-01: +1,754,413 bid / +1,754,413 ask
[2026-09-03 21:17:21 UTC]   2013-02: +1,857,951 bid / +1,857,951 ask
[2026-09-03 21:17:55 UTC]   2013-03: +1,353,307 bid / +1,353,307 ask
[2026-09-03 21:18:32 UTC]   2013-04: +2,140,805 bid / +2,140,805 ask
[2026-09-03 21:19:07 UTC]   2013-05: +2,194,129 bid / +2,194,129 ask
[2026-09-03 21:50:42 UTC]   2013-06: +2,552,209 bid / +2,552,209 ask
[2026-09-03 21:51:15 UTC]   2013-07: +1,822,482 bid / +1,822,482 ask
[2026-09-03 21:51:57 UTC]   2013-08: +1,881,085 bid / +1,881,085 ask
[2026-09-03 21:52:40 UTC]   2013-09: +1,868,162 bid / +1,868,162 ask
[2026-09-03 21:53:32 UTC]   2013-10: +2,591,776 bid / +2,591,776 ask
[2026-09-03 21:54:12 UTC]   2013-11: +1,778,822 bid / +1,778,822 ask
[2026-09-03 21:54:47 UTC]   2013-12: +1,805,614 bid / +1,805,614 ask
[2026-09-03 21:55:36 UTC]   2014-01: +1,921,748 bid / +1,921,748 ask
[2026-09-03 21:56:10 UTC]   2014-02: +1,765,808 bid / +1,765,808 ask
[2026-09-03 21:57:00 UTC]   2014-03: +1,807,843 bid / +1,807,843 ask
[2026-09-03 21:57:38 UTC]   2014-04: +1,511,016 bid / +1,511,016 ask
[2026-09-03 21:58:17 UTC]   2014-05: +1,583,905 bid / +1,583,905 ask
[2026-09-03 21:59:01 UTC]   2014-06: +1,541,059 bid / +1,541,059 ask
[2026-09-03 21:59:38 UTC]   2014-07: +1,622,091 bid / +1,622,091 ask
[2026-09-03 22:00:22 UTC]   2014-08: +1,419,182 bid / +1,419,182 ask
[2026-09-03 22:01:18 UTC]   2014-09: +1,869,250 bid / +1,869,250 ask
[2026-09-03 22:02:16 UTC]   2014-10: +2,222,845 bid / +2,222,845 ask
[2026-09-03 22:03:12 UTC]   2014-11: +2,133,737 bid / +2,133,737 ask
[2026-09-03 22:04:00 UTC]   2014-12: +2,154,786 bid / +2,154,786 ask
[2026-09-03 22:04:57 UTC]   2015-01: +2,345,061 bid / +2,345,061 ask
[2026-09-03 22:05:34 UTC]   2015-02: +1,804,720 bid / +1,804,720 ask
[2026-09-03 22:06:08 UTC]   2015-03: +1,814,760 bid / +1,814,760 ask
[2026-09-03 22:06:49 UTC]   2015-04: +1,800,555 bid / +1,800,555 ask
[2026-09-03 22:07:20 UTC]   2015-05: +1,775,314 bid / +1,775,314 ask
[2026-09-03 22:07:53 UTC]   2015-06: +1,836,743 bid / +1,836,743 ask
[2026-09-03 22:08:34 UTC]   2015-07: +2,331,727 bid / +2,331,727 ask
[2026-09-03 22:09:17 UTC]   2015-08: +2,286,431 bid / +2,286,431 ask
[2026-09-03 22:09:52 UTC]   2015-09: +2,088,415 bid / +2,088,415 ask
[2026-09-03 22:10:45 UTC]   2015-10: +2,519,894 bid / +2,519,894 ask
[2026-09-03 22:11:29 UTC]   2015-11: +2,290,386 bid / +2,290,386 ask
[2026-09-03 22:12:11 UTC]   2015-12: +2,874,197 bid / +2,874,197 ask
[2026-09-03 22:12:57 UTC]   2016-01: +2,986,909 bid / +2,986,909 ask
[2026-09-03 22:14:00 UTC]   2016-02: +4,013,015 bid / +4,013,015 ask
[2026-09-03 22:15:16 UTC]   2016-03: +4,365,167 bid / +4,365,167 ask
[2026-09-03 22:16:17 UTC]   2016-04: +4,098,541 bid / +4,098,541 ask
[2026-09-03 22:17:38 UTC]   2016-05: +4,123,627 bid / +4,123,627 ask
[2026-09-03 22:18:41 UTC]   2016-06: +3,800,890 bid / +3,800,890 ask
[2026-09-03 22:19:39 UTC]   2016-07: +3,984,581 bid / +3,984,581 ask
[2026-09-04 04:48:46 UTC] DUKA BACKFILL: 2009-01-01 00:00:00 -> 2026-09-04 00:00:00  root=dukascopy workers=6
[2026-09-04 04:52:04 UTC] RESUME from 2016-07
[2026-09-04 04:52:04 UTC] DUKA BACKFILL: 2016-07-01 00:00:00 -> 2026-09-04 00:00:00  root=dukascopy workers=6
[2026-09-04 04:57:37 UTC] DUKA BACKFILL: 2016-08-01 00:00:00 -> 2016-10-01 00:00:00  root=dukascopy workers=3 socket_timeout=45s
[2026-09-04 05:36:41 UTC] RESUME: from 2016-08 (last complete 2016-07)
[2026-09-04 05:36:41 UTC] DUKA BACKFILL: 2016-08-01 00:00:00 -> 2026-09-04 00:00:00  root=dukascopy workers=3 socket_timeout=45s
[2026-09-04 05:37:44 UTC]   2016-08: +3,923,518 bid / +3,923,518 ask
[2026-09-04 05:38:59 UTC]   2016-09: +3,913,852 bid / +3,913,852 ask
[2026-09-04 05:40:00 UTC]   2016-10: +3,056,851 bid / +3,056,851 ask
[2026-09-04 05:41:22 UTC]   2016-11: +4,615,884 bid / +4,615,884 ask
[2026-09-04 05:42:25 UTC]   2016-12: +3,296,775 bid / +3,296,775 ask
[2026-09-04 05:43:33 UTC]   2017-01: +3,991,038 bid / +3,991,038 ask
[2026-09-04 05:44:44 UTC]   2017-02: +4,018,151 bid / +4,018,151 ask
[2026-09-04 05:45:59 UTC]   2017-03: +4,238,097 bid / +4,238,097 ask
[2026-09-04 05:46:56 UTC]   2017-04: +3,302,322 bid / +3,302,322 ask
[2026-09-04 05:47:59 UTC]   2017-05: +3,595,114 bid / +3,595,114 ask
[2026-09-04 05:49:03 UTC]   2017-06: +3,335,087 bid / +3,335,087 ask
[2026-09-04 05:50:03 UTC]   2017-07: +3,076,998 bid / +3,076,998 ask
[2026-09-04 05:51:06 UTC]   2017-08: +3,833,580 bid / +3,833,580 ask
[2026-09-04 05:52:12 UTC]   2017-09: +3,895,171 bid / +3,895,171 ask
[2026-09-04 05:53:19 UTC]   2017-10: +4,188,440 bid / +4,188,440 ask
[2026-09-04 05:54:37 UTC]   2017-11: +4,462,570 bid / +4,462,570 ask
[2026-09-04 05:56:40 UTC]   2017-12: +3,900,241 bid / +3,900,241 ask
[2026-09-04 05:57:58 UTC]   2018-01: +4,644,118 bid / +4,644,118 ask
[2026-09-04 05:59:35 UTC]   2018-02: +4,826,011 bid / +4,826,011 ask
[2026-09-04 06:00:46 UTC]   2018-03: +3,695,843 bid / +3,695,843 ask
[2026-09-04 06:01:46 UTC]   2018-04: +2,607,571 bid / +2,607,571 ask
[2026-09-04 06:02:34 UTC]   2018-05: +2,507,497 bid / +2,507,497 ask
[2026-09-04 06:03:47 UTC]   2018-06: +0 bid / +0 ask
[2026-09-04 06:05:21 UTC]   2018-07: +2,855,745 bid / +2,855,745 ask
[2026-09-04 06:06:37 UTC]   2018-08: +2,947,010 bid / +2,947,010 ask
[2026-09-04 06:07:30 UTC]   2018-09: +2,413,919 bid / +2,413,919 ask
[2026-09-04 06:09:16 UTC]   2018-10: +2,956,481 bid / +2,956,481 ask
[2026-09-04 06:10:30 UTC]   2018-11: +2,159,844 bid / +2,159,844 ask
[2026-09-04 06:11:17 UTC]   2018-12: +1,979,737 bid / +1,979,737 ask
[2026-09-04 06:11:59 UTC]   2019-01: +2,118,624 bid / +2,118,624 ask
[2026-09-04 06:12:39 UTC]   2019-02: +1,739,406 bid / +1,739,406 ask
[2026-09-04 06:13:26 UTC]   2019-03: +2,355,628 bid / +2,355,628 ask
[2026-09-04 06:14:04 UTC]   2019-04: +1,948,177 bid / +1,948,177 ask
[2026-09-04 06:14:53 UTC]   2019-05: +2,615,236 bid / +2,615,236 ask
[2026-09-04 06:15:56 UTC]   2019-06: +3,508,256 bid / +3,508,256 ask
[2026-09-04 06:17:06 UTC]   2019-07: +3,586,208 bid / +3,586,208 ask
[2026-09-04 06:18:28 UTC]   2019-08: +4,734,997 bid / +4,734,997 ask
[2026-09-04 06:19:41 UTC]   2019-09: +4,060,606 bid / +4,060,606 ask
[2026-09-04 06:20:59 UTC]   2019-10: +4,607,246 bid / +4,607,246 ask
[2026-09-04 06:21:53 UTC]   2019-11: +2,970,092 bid / +2,970,092 ask
[2026-09-04 06:22:45 UTC]   2019-12: +2,569,955 bid / +2,569,955 ask
[2026-09-04 06:23:59 UTC]   2020-01: +4,020,809 bid / +4,020,809 ask
[2026-09-04 06:25:23 UTC]   2020-02: +0 bid / +0 ask
[2026-09-04 06:27:10 UTC]   2020-03: +0 bid / +0 ask
[2026-09-04 06:28:22 UTC]   2020-04: +3,750,447 bid / +3,750,447 ask
[2026-09-04 06:29:33 UTC]   2020-05: +4,179,404 bid / +4,179,404 ask
[2026-09-04 06:33:10 UTC]   2020-06: +4,552,144 bid / +4,552,144 ask
[2026-09-04 06:35:25 UTC]   2020-07: +4,726,566 bid / +4,726,566 ask
[2026-09-04 06:37:58 UTC]   2020-08: +5,984,020 bid / +5,984,020 ask
[2026-09-04 06:40:04 UTC]   2020-09: +5,147,808 bid / +5,147,808 ask
[2026-09-04 06:41:26 UTC]   2020-10: +4,248,307 bid / +4,248,307 ask
[2026-09-04 06:42:41 UTC]   2020-11: +4,258,511 bid / +4,258,511 ask
[2026-09-04 06:43:48 UTC]   2020-12: +3,669,605 bid / +3,669,605 ask
[2026-09-04 06:45:08 UTC]   2021-01: +4,751,512 bid / +4,751,512 ask
[2026-09-04 06:46:42 UTC]   2021-02: +5,262,811 bid / +5,262,811 ask
[2026-09-04 06:48:22 UTC]   2021-03: +6,482,967 bid / +6,482,967 ask
[2026-09-04 06:49:33 UTC]   2021-04: +4,327,563 bid / +4,327,563 ask
[2026-09-04 06:50:51 UTC]   2021-05: +4,709,321 bid / +4,709,321 ask
[2026-09-04 06:52:08 UTC]   2021-06: +4,510,947 bid / +4,510,947 ask
[2026-09-04 06:53:08 UTC]   2021-07: +3,462,273 bid / +3,462,273 ask
[2026-09-04 06:54:06 UTC]   2021-08: +3,458,443 bid / +3,458,443 ask
[2026-09-04 06:55:22 UTC]   2021-09: +4,370,570 bid / +4,370,570 ask
[2026-09-04 06:56:31 UTC]   2021-10: +4,170,152 bid / +4,170,152 ask
[2026-09-04 06:57:43 UTC]   2021-11: +4,156,947 bid / +4,156,947 ask
[2026-09-04 06:58:46 UTC]   2021-12: +3,436,363 bid / +3,436,363 ask
[2026-09-04 06:59:53 UTC]   2022-01: +4,049,409 bid / +4,049,409 ask
[2026-09-04 07:01:15 UTC]   2022-02: +4,914,444 bid / +4,914,444 ask
[2026-09-04 07:02:51 UTC]   2022-03: +6,173,324 bid / +6,173,324 ask
[2026-09-04 07:04:23 UTC]   2022-04: +4,697,482 bid / +4,697,482 ask
[2026-09-04 07:05:41 UTC]   2022-05: +4,628,667 bid / +4,628,667 ask
[2026-09-04 07:06:57 UTC]   2022-06: +4,139,075 bid / +4,139,075 ask
[2026-09-04 07:08:18 UTC]   2022-07: +4,398,091 bid / +4,398,091 ask
[2026-09-04 07:09:38 UTC]   2022-08: +4,288,324 bid / +4,288,324 ask
[2026-09-04 07:11:05 UTC]   2022-09: +0 bid / +0 ask
[2026-09-04 07:12:27 UTC]   2022-10: +4,499,772 bid / +4,499,772 ask
[2026-09-04 07:13:37 UTC]   2022-11: +3,642,770 bid / +3,642,770 ask
[2026-09-04 07:14:42 UTC]   2022-12: +3,391,137 bid / +3,391,137 ask
[2026-09-04 07:16:08 UTC]   2023-01: +3,610,063 bid / +3,610,063 ask
[2026-09-04 07:17:06 UTC]   2023-02: +3,236,027 bid / +3,236,027 ask
[2026-09-04 07:18:19 UTC]   2023-03: +4,465,226 bid / +4,465,226 ask
[2026-09-04 07:19:16 UTC]   2023-04: +2,957,588 bid / +2,957,588 ask
[2026-09-04 07:20:20 UTC]   2023-05: +3,933,656 bid / +3,933,656 ask
[2026-09-04 07:21:17 UTC]   2023-06: +3,091,988 bid / +3,091,988 ask
[2026-09-04 07:22:10 UTC]   2023-07: +2,760,506 bid / +2,760,506 ask
[2026-09-04 07:22:58 UTC]   2023-08: +2,373,606 bid / +2,373,606 ask
[2026-09-04 07:23:38 UTC]   2023-09: +1,901,380 bid / +1,901,380 ask
[2026-09-04 07:24:29 UTC]   2023-10: +2,841,317 bid / +2,841,317 ask
[2026-09-04 07:25:20 UTC]   2023-11: +2,488,588 bid / +2,488,588 ask
[2026-09-04 07:26:16 UTC]   2023-12: +2,765,658 bid / +2,765,658 ask
[2026-09-04 07:27:13 UTC]   2024-01: +3,059,454 bid / +3,059,454 ask
[2026-09-04 07:27:54 UTC]   2024-02: +2,126,336 bid / +2,126,336 ask
[2026-09-04 07:28:47 UTC]   2024-03: +2,733,570 bid / +2,733,570 ask
[2026-09-04 07:30:15 UTC]   2024-04: +5,252,883 bid / +5,252,883 ask
[2026-09-04 07:31:38 UTC]   2024-05: +5,054,706 bid / +5,054,706 ask
[2026-09-04 07:32:54 UTC]   2024-06: +4,639,004 bid / +4,639,004 ask
[2026-09-04 07:34:27 UTC]   2024-07: +5,651,566 bid / +5,651,566 ask
[2026-09-04 07:36:15 UTC]   2024-08: +5,987,790 bid / +5,987,790 ask
[2026-09-04 07:38:02 UTC]   2024-09: +5,121,455 bid / +5,121,455 ask
[2026-09-04 07:39:43 UTC]   2024-10: +5,561,646 bid / +5,561,646 ask
[2026-09-04 07:41:20 UTC]   2024-11: +5,937,646 bid / +5,937,646 ask
[2026-09-04 07:42:49 UTC]   2024-12: +5,069,435 bid / +5,069,435 ask
[2026-09-04 07:44:35 UTC]   2025-01: +5,798,226 bid / +5,798,226 ask
[2026-09-04 07:46:14 UTC]   2025-02: +5,816,226 bid / +5,816,226 ask
[2026-09-04 07:47:40 UTC]   2025-03: +5,397,799 bid / +5,397,799 ask
[2026-09-04 07:49:22 UTC]   2025-04: +6,161,986 bid / +6,161,986 ask
[2026-09-04 07:51:00 UTC]   2025-05: +5,325,474 bid / +5,325,474 ask
[2026-09-04 07:52:21 UTC]   2025-06: +0 bid / +0 ask
[2026-09-04 07:53:37 UTC]   2025-07: +4,192,281 bid / +4,192,281 ask
[2026-09-04 07:54:53 UTC]   2025-08: +4,332,094 bid / +4,332,094 ask
[2026-09-04 07:56:33 UTC]   2025-09: +5,823,744 bid / +5,823,744 ask
[2026-09-04 07:58:51 UTC]   2025-10: +9,296,611 bid / +9,296,611 ask
[2026-09-04 08:00:27 UTC]   2025-11: +6,537,895 bid / +6,537,895 ask
[2026-09-04 08:02:33 UTC]   2025-12: +7,983,497 bid / +7,983,497 ask
[2026-09-04 08:04:52 UTC]   2026-01: +9,134,930 bid / +9,134,930 ask
[2026-09-04 08:06:49 UTC]   2026-02: +7,538,154 bid / +7,538,154 ask
[2026-09-04 08:09:16 UTC]   2026-03: +9,429,815 bid / +9,429,815 ask
[2026-09-04 08:11:22 UTC]   2026-04: +7,470,561 bid / +7,470,561 ask
[2026-09-04 08:13:28 UTC]   2026-05: +8,333,165 bid / +8,333,165 ask
[2026-09-04 08:15:30 UTC]   2026-06: +8,201,406 bid / +8,201,406 ask
[2026-09-04 08:17:26 UTC]   2026-07: +7,415,841 bid / +7,415,841 ask
[2026-09-04 08:19:02 UTC]   2026-08: +5,170,563 bid / +5,170,563 ask
[2026-09-04 08:19:19 UTC]   2026-09: +881,595 bid / +881,595 ask
[2026-09-04 08:19:22 UTC] DUKA BACKFILL DONE: +504,374,838 bid / +504,374,838 ask ticks
